(1,SYMC,"<=")
(1,SYMC,">=")
(1,SYMC,"==")
(1,SYMC,"!=")
(2,SYMC,"&&")
(2,SYMC,"||")
(3,SYM,"+")
(3,SYM,"+")
(3,SYM,"-")
(3,SYM,"-")
