(2,KEY,"if")
(2,SYM,"(")
(2,ID,"b")
(2,SYM,")")
(3,KEY,"print")
(3,NUM,"1")
(3,SYM,";")
(5,KEY,"print")
(5,NUM,"0")
(5,SYM,";")
